#
# There is insufficient memory for the Java Runtime Environment to continue.
# Native memory allocation (malloc) failed to allocate 1421936 bytes. Error detail: Chunk::new
# Possible reasons:
#   The system is out of physical RAM or swap space
#   This process is running with CompressedOops enabled, and the Java Heap may be blocking the growth of the native heap
# Possible solutions:
#   Reduce memory load on the system
#   Increase physical memory or swap space
#   Check if swap backing store is full
#   Decrease Java heap size (-Xmx/-Xms)
#   Decrease number of Java threads
#   Decrease Java thread stack sizes (-Xss)
#   Set larger code cache with -XX:ReservedCodeCacheSize=
#   JVM is running with Unscaled Compressed Oops mode in which the Java heap is
#     placed in the first 4GB address space. The Java Heap base address is the
#     maximum limit for the native heap growth. Please use -XX:HeapBaseMinAddress
#     to set the Java Heap base and to place the Java Heap above 4GB virtual address.
# This output file may be truncated or incomplete.
#
#  Out of Memory Error (arena.cpp:191), pid=3004, tid=6524
#
# JRE version: OpenJDK Runtime Environment Temurin-17.0.17+10 (17.0.17+10) (build 17.0.17+10)
# Java VM: OpenJDK 64-Bit Server VM Temurin-17.0.17+10 (17.0.17+10, mixed mode, sharing, tiered, compressed oops, compressed class ptrs, g1 gc, windows-amd64)
# No core dump will be written. Minidumps are not enabled by default on client versions of Windows
#

---------------  S U M M A R Y ------------

Command Line: -javaagent:C:\Program Files\JetBrains\IntelliJ IDEA Community Edition 2025.2.4\lib\idea_rt.jar=55034 -Dfile.encoding=UTF-8 org.example.Main

Host: Intel(R) Celeron(R) CPU  N3150  @ 1.60GHz, 4 cores, 1G,  Windows 10 , 64 bit Build 19041 (10.0.19041.1348)
Time: Mon Jan 19 08:02:23 2026 Morocco Summer Time elapsed time: 504.287360 seconds (0d 0h 8m 24s)

---------------  T H R E A D  ---------------

Current thread (0x000001ca44a768a0):  JavaThread "C2 CompilerThread0" daemon [_thread_in_native, id=6524, stack(0x0000000f88800000,0x0000000f88900000)]


Current CompileTask:
C2:504289 6659   !   4       jdk.internal.loader.Resource::getBytes (244 bytes)

Stack: [0x0000000f88800000,0x0000000f88900000]
Native frames: (J=compiled Java code, j=interpreted, Vv=VM code, C=native code)
V  [jvm.dll+0x683fb9]
V  [jvm.dll+0x83a1b5]
V  [jvm.dll+0x83bc2e]
V  [jvm.dll+0x83c2b3]
V  [jvm.dll+0x248eff]
V  [jvm.dll+0xad496]
V  [jvm.dll+0xadb3c]
V  [jvm.dll+0x3689ef]
V  [jvm.dll+0x332fa5]
V  [jvm.dll+0x33240a]
V  [jvm.dll+0x219db9]
V  [jvm.dll+0x219200]
V  [jvm.dll+0x1a4920]
V  [jvm.dll+0x22989a]
V  [jvm.dll+0x227a4b]
V  [jvm.dll+0x7effb8]
V  [jvm.dll+0x7ea44c]
V  [jvm.dll+0x682e87]
C  [ucrtbase.dll+0x21bb2]
C  [KERNEL32.DLL+0x17034]
C  [ntdll.dll+0x52651]


---------------  P R O C E S S  ---------------

Threads class SMR info:
_java_thread_list=0x000001ca8a7275d0, length=30, elements={
0x000001ca44a5bd50, 0x000001ca44a5f380, 0x000001ca44a6fd40, 0x000001ca44a74830,
0x000001ca44a751f0, 0x000001ca44a75bb0, 0x000001ca44a768a0, 0x000001ca44a78b00,
0x000001ca44a800f0, 0x000001ca44b6e4f0, 0x000001ca8a214c40, 0x000001ca8a215120,
0x000001ca8b9e2030, 0x000001ca8bea4850, 0x000001ca8bea4d30, 0x000001ca8bfeda20,
0x000001ca8bb6b3b0, 0x000001ca8bb6bdd0, 0x000001ca8bb6c2e0, 0x000001ca8b801580,
0x000001ca8b806680, 0x000001ca8b803e00, 0x000001ca8b8024b0, 0x000001ca8b804820,
0x000001ca8b8070a0, 0x000001ca8b8029c0, 0x000001ca8b804d30, 0x000001ca8b801fa0,
0x000001ca8b804310, 0x000001ca8b805240
}

Java Threads: ( => current thread )
  0x000001ca44a5bd50 JavaThread "Reference Handler" daemon [_thread_blocked, id=1880, stack(0x0000000f88100000,0x0000000f88200000)]
  0x000001ca44a5f380 JavaThread "Finalizer" daemon [_thread_blocked, id=7932, stack(0x0000000f88200000,0x0000000f88300000)]
  0x000001ca44a6fd40 JavaThread "Signal Dispatcher" daemon [_thread_blocked, id=7684, stack(0x0000000f88400000,0x0000000f88500000)]
  0x000001ca44a74830 JavaThread "Attach Listener" daemon [_thread_blocked, id=9280, stack(0x0000000f88500000,0x0000000f88600000)]
  0x000001ca44a751f0 JavaThread "Service Thread" daemon [_thread_blocked, id=5300, stack(0x0000000f88600000,0x0000000f88700000)]
  0x000001ca44a75bb0 JavaThread "Monitor Deflation Thread" daemon [_thread_blocked, id=5568, stack(0x0000000f88700000,0x0000000f88800000)]
=>0x000001ca44a768a0 JavaThread "C2 CompilerThread0" daemon [_thread_in_native, id=6524, stack(0x0000000f88800000,0x0000000f88900000)]
  0x000001ca44a78b00 JavaThread "C1 CompilerThread0" daemon [_thread_blocked, id=9960, stack(0x0000000f88900000,0x0000000f88a00000)]
  0x000001ca44a800f0 JavaThread "Sweeper thread" daemon [_thread_blocked, id=7360, stack(0x0000000f88a00000,0x0000000f88b00000)]
  0x000001ca44b6e4f0 JavaThread "Common-Cleaner" daemon [_thread_blocked, id=5408, stack(0x0000000f88b00000,0x0000000f88c00000)]
  0x000001ca8a214c40 JavaThread "Monitor Ctrl-Break" daemon [_thread_in_native, id=9516, stack(0x0000000f88c00000,0x0000000f88d00000)]
  0x000001ca8a215120 JavaThread "Notification Thread" daemon [_thread_blocked, id=10008, stack(0x0000000f88d00000,0x0000000f88e00000)]
  0x000001ca8b9e2030 JavaThread "Catalina-utility-1" [_thread_in_Java, id=8672, stack(0x0000000f89200000,0x0000000f89300000)]
  0x000001ca8bea4850 JavaThread "Catalina-utility-2" [_thread_blocked, id=5376, stack(0x0000000f89300000,0x0000000f89400000)]
  0x000001ca8bea4d30 JavaThread "container-0" [_thread_blocked, id=7856, stack(0x0000000f89400000,0x0000000f89500000)]
  0x000001ca8bfeda20 JavaThread "mysql-cj-abandoned-connection-cleanup" daemon [_thread_blocked, id=2148, stack(0x0000000f89500000,0x0000000f89600000)]
  0x000001ca8bb6b3b0 JavaThread "HikariPool-1 housekeeper" daemon [_thread_blocked, id=8224, stack(0x0000000f89700000,0x0000000f89800000)]
  0x000001ca8bb6bdd0 JavaThread "http-nio-8080-exec-1" daemon [_thread_in_vm, id=5556, stack(0x0000000f89800000,0x0000000f89900000)]
  0x000001ca8bb6c2e0 JavaThread "http-nio-8080-exec-2" daemon [_thread_blocked, id=6632, stack(0x0000000f89900000,0x0000000f89a00000)]
  0x000001ca8b801580 JavaThread "http-nio-8080-exec-3" daemon [_thread_blocked, id=5168, stack(0x0000000f89a00000,0x0000000f89b00000)]
  0x000001ca8b806680 JavaThread "http-nio-8080-exec-4" daemon [_thread_blocked, id=1988, stack(0x0000000f89b00000,0x0000000f89c00000)]
  0x000001ca8b803e00 JavaThread "http-nio-8080-exec-5" daemon [_thread_blocked, id=3712, stack(0x0000000f89c00000,0x0000000f89d00000)]
  0x000001ca8b8024b0 JavaThread "http-nio-8080-exec-6" daemon [_thread_blocked, id=7140, stack(0x0000000f89d00000,0x0000000f89e00000)]
  0x000001ca8b804820 JavaThread "http-nio-8080-exec-7" daemon [_thread_blocked, id=6960, stack(0x0000000f89e00000,0x0000000f89f00000)]
  0x000001ca8b8070a0 JavaThread "http-nio-8080-exec-8" daemon [_thread_blocked, id=5880, stack(0x0000000f89f00000,0x0000000f8a000000)]
  0x000001ca8b8029c0 JavaThread "http-nio-8080-exec-9" daemon [_thread_blocked, id=4744, stack(0x0000000f8a000000,0x0000000f8a100000)]
  0x000001ca8b804d30 JavaThread "http-nio-8080-exec-10" daemon [_thread_blocked, id=8736, stack(0x0000000f8a100000,0x0000000f8a200000)]
  0x000001ca8b801fa0 JavaThread "http-nio-8080-Poller" daemon [_thread_in_native, id=7940, stack(0x0000000f8a200000,0x0000000f8a300000)]
  0x000001ca8b804310 JavaThread "http-nio-8080-Acceptor" daemon [_thread_in_native, id=4648, stack(0x0000000f8a300000,0x0000000f8a400000)]
  0x000001ca8b805240 JavaThread "DestroyJavaVM" [_thread_blocked, id=6868, stack(0x0000000f87a00000,0x0000000f87b00000)]

Other Threads:
  0x000001ca44a56f00 VMThread "VM Thread" [stack: 0x0000000f88000000,0x0000000f88100000] [id=7992]
  0x000001ca2a8ee6b0 WatcherThread [stack: 0x0000000f88e00000,0x0000000f88f00000] [id=8996]
  0x000001ca2a919440 GCTaskThread "GC Thread#0" [stack: 0x0000000f87b00000,0x0000000f87c00000] [id=2484]
  0x000001ca8a79f690 GCTaskThread "GC Thread#1" [stack: 0x0000000f88f00000,0x0000000f89000000] [id=4832]
  0x000001ca8a7d90a0 GCTaskThread "GC Thread#2" [stack: 0x0000000f89000000,0x0000000f89100000] [id=660]
  0x000001ca8a7d9360 GCTaskThread "GC Thread#3" [stack: 0x0000000f89100000,0x0000000f89200000] [id=5348]
  0x000001ca2a91ded0 ConcurrentGCThread "G1 Main Marker" [stack: 0x0000000f87c00000,0x0000000f87d00000] [id=1616]
  0x000001ca2a91f090 ConcurrentGCThread "G1 Conc#0" [stack: 0x0000000f87d00000,0x0000000f87e00000] [id=9064]
  0x000001ca2a94c2a0 ConcurrentGCThread "G1 Refine#0" [stack: 0x0000000f87e00000,0x0000000f87f00000] [id=3680]
  0x000001ca2a94dce0 ConcurrentGCThread "G1 Service" [stack: 0x0000000f87f00000,0x0000000f88000000] [id=6852]

Threads with active compile tasks:
C2 CompilerThread0  504539 6659   !   4       jdk.internal.loader.Resource::getBytes (244 bytes)

VM state: not at safepoint (normal execution)

VM Mutex/Monitor currently owned by a thread:  ([mutex/lock_event])
[0x000001ca2a8e7470] CodeCache_lock - owner thread: 0x000001ca8bb6bdd0
[0x000001ca2a8e9b40] Compile_lock - owner thread: 0x000001ca8bb6bdd0

Heap address: 0x00000000e2600000, size: 474 MB, Compressed Oops mode: 32-bit

CDS archive(s) mapped at: [0x000001ca45000000-0x000001ca45bb0000-0x000001ca45bb0000), size 12255232, SharedBaseAddress: 0x000001ca45000000, ArchiveRelocationMode: 1.
Compressed class space mapped at: 0x000001ca46000000-0x000001ca86000000, reserved size: 1073741824
Narrow klass base: 0x000001ca45000000, Narrow klass shift: 0, Narrow klass range: 0x100000000

GC Precious Log:
 CPUs: 4 total, 4 available
 Memory: 1893M
 Large Page Support: Disabled
 NUMA Support: Disabled
 Compressed Oops: Enabled (32-bit)
 Heap Region Size: 1M
 Heap Min Capacity: 8M
 Heap Initial Capacity: 30M
 Heap Max Capacity: 474M
 Pre-touch: Disabled
 Parallel Workers: 4
 Concurrent Workers: 1
 Concurrent Refinement Workers: 4
 Periodic GC: Disabled

Heap:
 garbage-first heap   total 51200K, used 40497K [0x00000000e2600000, 0x0000000100000000)
  region size 1024K, 16 young (16384K), 3 survivors (3072K)
 Metaspace       used 64734K, committed 65344K, reserved 1114112K
  class space    used 8760K, committed 9088K, reserved 1048576K

Heap Regions: E=young(eden), S=young(survivor), O=old, HS=humongous(starts), HC=humongous(continues), CS=collection set, F=free, OA=open archive, CA=closed archive, TAMS=top-at-mark-start (previous, next)
|   0|0x00000000e2600000, 0x00000000e2700000, 0x00000000e2700000|100%|HS|  |TAMS 0x00000000e2700000, 0x00000000e2600000| Complete 
|   1|0x00000000e2700000, 0x00000000e2800000, 0x00000000e2800000|100%| O|  |TAMS 0x00000000e2800000, 0x00000000e2700000| Untracked 
|   2|0x00000000e2800000, 0x00000000e2900000, 0x00000000e2900000|100%| O|  |TAMS 0x00000000e2900000, 0x00000000e2800000| Untracked 
|   3|0x00000000e2900000, 0x00000000e2a00000, 0x00000000e2a00000|100%| O|  |TAMS 0x00000000e2a00000, 0x00000000e2900000| Untracked 
|   4|0x00000000e2a00000, 0x00000000e2b00000, 0x00000000e2b00000|100%| O|  |TAMS 0x00000000e2b00000, 0x00000000e2a00000| Untracked 
|   5|0x00000000e2b00000, 0x00000000e2c00000, 0x00000000e2c00000|100%| O|  |TAMS 0x00000000e2c00000, 0x00000000e2b00000| Untracked 
|   6|0x00000000e2c00000, 0x00000000e2d00000, 0x00000000e2d00000|100%| O|  |TAMS 0x00000000e2d00000, 0x00000000e2c00000| Untracked 
|   7|0x00000000e2d00000, 0x00000000e2e00000, 0x00000000e2e00000|100%| O|  |TAMS 0x00000000e2e00000, 0x00000000e2d00000| Untracked 
|   8|0x00000000e2e00000, 0x00000000e2f00000, 0x00000000e2f00000|100%| O|  |TAMS 0x00000000e2f00000, 0x00000000e2e00000| Untracked 
|   9|0x00000000e2f00000, 0x00000000e3000000, 0x00000000e3000000|100%| O|  |TAMS 0x00000000e3000000, 0x00000000e2f00000| Untracked 
|  10|0x00000000e3000000, 0x00000000e3100000, 0x00000000e3100000|100%| O|  |TAMS 0x00000000e3100000, 0x00000000e3000000| Untracked 
|  11|0x00000000e3100000, 0x00000000e3200000, 0x00000000e3200000|100%| O|  |TAMS 0x00000000e3200000, 0x00000000e3100000| Untracked 
|  12|0x00000000e3200000, 0x00000000e3300000, 0x00000000e3300000|100%| O|  |TAMS 0x00000000e3300000, 0x00000000e3200000| Untracked 
|  13|0x00000000e3300000, 0x00000000e3400000, 0x00000000e3400000|100%| O|  |TAMS 0x00000000e3400000, 0x00000000e3300000| Untracked 
|  14|0x00000000e3400000, 0x00000000e3400000, 0x00000000e3500000|  0%| F|  |TAMS 0x00000000e3400000, 0x00000000e3400000| Untracked 
|  15|0x00000000e3500000, 0x00000000e3600000, 0x00000000e3600000|100%| O|  |TAMS 0x00000000e3600000, 0x00000000e3500000| Untracked 
|  16|0x00000000e3600000, 0x00000000e3700000, 0x00000000e3700000|100%| O|  |TAMS 0x00000000e3700000, 0x00000000e3600000| Untracked 
|  17|0x00000000e3700000, 0x00000000e3800000, 0x00000000e3800000|100%| O|  |TAMS 0x00000000e3800000, 0x00000000e3700000| Untracked 
|  18|0x00000000e3800000, 0x00000000e3900000, 0x00000000e3900000|100%| O|  |TAMS 0x00000000e3900000, 0x00000000e3800000| Untracked 
|  19|0x00000000e3900000, 0x00000000e3a00000, 0x00000000e3a00000|100%| O|  |TAMS 0x00000000e3a00000, 0x00000000e3900000| Untracked 
|  20|0x00000000e3a00000, 0x00000000e3b00000, 0x00000000e3b00000|100%| O|  |TAMS 0x00000000e3b00000, 0x00000000e3a00000| Untracked 
|  21|0x00000000e3b00000, 0x00000000e3c00000, 0x00000000e3c00000|100%| O|  |TAMS 0x00000000e3c00000, 0x00000000e3b00000| Untracked 
|  22|0x00000000e3c00000, 0x00000000e3d00000, 0x00000000e3d00000|100%| O|  |TAMS 0x00000000e3d00000, 0x00000000e3c00000| Untracked 
|  23|0x00000000e3d00000, 0x00000000e3e00000, 0x00000000e3e00000|100%| O|  |TAMS 0x00000000e3e00000, 0x00000000e3d00000| Untracked 
|  24|0x00000000e3e00000, 0x00000000e3f00000, 0x00000000e3f00000|100%| O|  |TAMS 0x00000000e3f00000, 0x00000000e3e00000| Untracked 
|  25|0x00000000e3f00000, 0x00000000e3fac200, 0x00000000e4000000| 67%| O|  |TAMS 0x00000000e3fac200, 0x00000000e3f00000| Untracked 
|  26|0x00000000e4000000, 0x00000000e4000000, 0x00000000e4100000|  0%| F|  |TAMS 0x00000000e4000000, 0x00000000e4000000| Untracked 
|  27|0x00000000e4100000, 0x00000000e4100000, 0x00000000e4200000|  0%| F|  |TAMS 0x00000000e4100000, 0x00000000e4100000| Untracked 
|  28|0x00000000e4200000, 0x00000000e4200000, 0x00000000e4300000|  0%| F|  |TAMS 0x00000000e4200000, 0x00000000e4200000| Untracked 
|  29|0x00000000e4300000, 0x00000000e4300000, 0x00000000e4400000|  0%| F|  |TAMS 0x00000000e4300000, 0x00000000e4300000| Untracked 
|  30|0x00000000e4400000, 0x00000000e4400000, 0x00000000e4500000|  0%| F|  |TAMS 0x00000000e4400000, 0x00000000e4400000| Untracked 
|  31|0x00000000e4500000, 0x00000000e4500000, 0x00000000e4600000|  0%| F|  |TAMS 0x00000000e4500000, 0x00000000e4500000| Untracked 
|  32|0x00000000e4600000, 0x00000000e46e0510, 0x00000000e4700000| 87%| S|CS|TAMS 0x00000000e4600000, 0x00000000e4600000| Complete 
|  33|0x00000000e4700000, 0x00000000e4800000, 0x00000000e4800000|100%| S|CS|TAMS 0x00000000e4700000, 0x00000000e4700000| Complete 
|  34|0x00000000e4800000, 0x00000000e4900000, 0x00000000e4900000|100%| S|CS|TAMS 0x00000000e4800000, 0x00000000e4800000| Complete 
|  35|0x00000000e4900000, 0x00000000e4900000, 0x00000000e4a00000|  0%| F|  |TAMS 0x00000000e4900000, 0x00000000e4900000| Untracked 
|  36|0x00000000e4a00000, 0x00000000e4a00000, 0x00000000e4b00000|  0%| F|  |TAMS 0x00000000e4a00000, 0x00000000e4a00000| Untracked 
|  37|0x00000000e4b00000, 0x00000000e4c00000, 0x00000000e4c00000|100%| E|  |TAMS 0x00000000e4b00000, 0x00000000e4b00000| Complete 
|  38|0x00000000e4c00000, 0x00000000e4d00000, 0x00000000e4d00000|100%| E|CS|TAMS 0x00000000e4c00000, 0x00000000e4c00000| Complete 
|  39|0x00000000e4d00000, 0x00000000e4e00000, 0x00000000e4e00000|100%| E|CS|TAMS 0x00000000e4d00000, 0x00000000e4d00000| Complete 
|  40|0x00000000e4e00000, 0x00000000e4f00000, 0x00000000e4f00000|100%| E|CS|TAMS 0x00000000e4e00000, 0x00000000e4e00000| Complete 
|  41|0x00000000e4f00000, 0x00000000e5000000, 0x00000000e5000000|100%| E|CS|TAMS 0x00000000e4f00000, 0x00000000e4f00000| Complete 
|  42|0x00000000e5000000, 0x00000000e5100000, 0x00000000e5100000|100%| E|CS|TAMS 0x00000000e5000000, 0x00000000e5000000| Complete 
|  43|0x00000000e5100000, 0x00000000e5200000, 0x00000000e5200000|100%| E|CS|TAMS 0x00000000e5100000, 0x00000000e5100000| Complete 
|  44|0x00000000e5200000, 0x00000000e5300000, 0x00000000e5300000|100%| E|CS|TAMS 0x00000000e5200000, 0x00000000e5200000| Complete 
|  45|0x00000000e5300000, 0x00000000e5400000, 0x00000000e5400000|100%| E|CS|TAMS 0x00000000e5300000, 0x00000000e5300000| Complete 
|  46|0x00000000e5400000, 0x00000000e5500000, 0x00000000e5500000|100%| E|CS|TAMS 0x00000000e5400000, 0x00000000e5400000| Complete 
|  47|0x00000000e5500000, 0x00000000e5600000, 0x00000000e5600000|100%| E|CS|TAMS 0x00000000e5500000, 0x00000000e5500000| Complete 
|  48|0x00000000e5600000, 0x00000000e5700000, 0x00000000e5700000|100%| E|CS|TAMS 0x00000000e5600000, 0x00000000e5600000| Complete 
|  49|0x00000000e5700000, 0x00000000e5800000, 0x00000000e5800000|100%| E|CS|TAMS 0x00000000e5700000, 0x00000000e5700000| Complete 

Card table byte_map: [0x000001ca41470000,0x000001ca41560000] _byte_map_base: 0x000001ca40d5d000

Marking Bits (Prev, Next): (CMBitMap*) 0x000001ca2a919aa0, (CMBitMap*) 0x000001ca2a919a60
 Prev Bits: [0x000001ca41dc0000, 0x000001ca42528000)
 Next Bits: [0x000001ca41650000, 0x000001ca41db8000)

Polling page: 0x000001ca288f0000

Metaspace:

Usage:
  Non-class:     54.66 MB used.
      Class:      8.55 MB used.
       Both:     63.22 MB used.

Virtual space:
  Non-class space:       64.00 MB reserved,      54.94 MB ( 86%) committed,  1 nodes.
      Class space:        1.00 GB reserved,       8.88 MB ( <1%) committed,  1 nodes.
             Both:        1.06 GB reserved,      63.81 MB (  6%) committed. 

Chunk freelists:
   Non-Class:  8.38 MB
       Class:  6.98 MB
        Both:  15.36 MB

MaxMetaspaceSize: unlimited
CompressedClassSpaceSize: 1.00 GB
Initial GC threshold: 21.00 MB
Current GC threshold: 97.94 MB
CDS: on
MetaspaceReclaimPolicy: balanced
 - commit_granule_bytes: 65536.
 - commit_granule_words: 8192.
 - virtual_space_node_default_size: 8388608.
 - enlarge_chunks_in_place: 1.
 - new_chunks_are_fully_committed: 0.
 - uncommit_free_chunks: 1.
 - use_allocation_guard: 0.
 - handle_deallocations: 1.


Internal statistics:

num_allocs_failed_limit: 3.
num_arena_births: 780.
num_arena_deaths: 0.
num_vsnodes_births: 2.
num_vsnodes_deaths: 0.
num_space_committed: 1021.
num_space_uncommitted: 0.
num_chunks_returned_to_freelist: 3.
num_chunks_taken_from_freelist: 3055.
num_chunk_merges: 0.
num_chunk_splits: 2176.
num_chunks_enlarged: 1696.
num_inconsistent_stats: 0.

CodeHeap 'non-profiled nmethods': size=120000Kb used=2702Kb max_used=3072Kb free=117297Kb
 bounds [0x000001ca39f40000, 0x000001ca3a260000, 0x000001ca41470000]
CodeHeap 'profiled nmethods': size=120000Kb used=9843Kb max_used=11952Kb free=110156Kb
 bounds [0x000001ca32470000, 0x000001ca33020000, 0x000001ca399a0000]
CodeHeap 'non-nmethods': size=5760Kb used=1351Kb max_used=1399Kb free=4408Kb
 bounds [0x000001ca399a0000, 0x000001ca39c10000, 0x000001ca39f40000]
 total_blobs=6346 nmethods=5658 adapters=601
 compilation: enabled
              stopped_count=0, restarted_count=0
 full_count=0

Compilation events (20 events):
Event: 502.897 Thread 0x000001ca44a78b00 6649       3       java.lang.invoke.BoundMethodHandle::speciesDataFor (32 bytes)
Event: 502.901 Thread 0x000001ca44a78b00 nmethod 6649 0x000001ca32b1e810 code [0x000001ca32b1e9e0, 0x000001ca32b1ed78]
Event: 502.901 Thread 0x000001ca44a78b00 6650       3       java.lang.invoke.LambdaFormBuffer::indexOf (25 bytes)
Event: 502.902 Thread 0x000001ca44a78b00 nmethod 6650 0x000001ca32c68510 code [0x000001ca32c686c0, 0x000001ca32c688d8]
Event: 502.910 Thread 0x000001ca44a78b00 6653       3       java.lang.invoke.LambdaFormEditor::oldSpeciesData (8 bytes)
Event: 502.912 Thread 0x000001ca44a78b00 nmethod 6653 0x000001ca3261f290 code [0x000001ca3261f460, 0x000001ca3261f878]
Event: 503.725 Thread 0x000001ca44a78b00 6657       3       java.nio.HeapByteBuffer::put (17 bytes)
Event: 503.730 Thread 0x000001ca44a78b00 nmethod 6657 0x000001ca32caee90 code [0x000001ca32caf040, 0x000001ca32caf218]
Event: 503.730 Thread 0x000001ca44a78b00 6658   !   3       org.apache.tomcat.util.http.parser.HttpParser::isControl (9 bytes)
Event: 503.731 Thread 0x000001ca44a78b00 nmethod 6658 0x000001ca32b42110 code [0x000001ca32b422c0, 0x000001ca32b42438]
Event: 503.786 Thread 0x000001ca44a768a0 nmethod 6648 0x000001ca39fdc390 code [0x000001ca39fdc640, 0x000001ca39fde380]
Event: 503.787 Thread 0x000001ca44a768a0 6651       4       jdk.internal.org.objectweb.asm.ByteVector::putInt (74 bytes)
Event: 503.792 Thread 0x000001ca44a768a0 nmethod 6651 0x000001ca3a05ad10 code [0x000001ca3a05aea0, 0x000001ca3a05aff8]
Event: 503.792 Thread 0x000001ca44a768a0 6655       4       java.nio.HeapByteBuffer::ix (7 bytes)
Event: 503.794 Thread 0x000001ca44a768a0 nmethod 6655 0x000001ca39fdc090 code [0x000001ca39fdc200, 0x000001ca39fdc278]
Event: 503.794 Thread 0x000001ca44a768a0 6656       4       java.nio.HeapByteBuffer::get (14 bytes)
Event: 503.796 Thread 0x000001ca44a768a0 nmethod 6656 0x000001ca39fdbd10 code [0x000001ca39fdbea0, 0x000001ca39fdbf78]
Event: 503.796 Thread 0x000001ca44a768a0 6652       4       java.lang.invoke.MethodHandle::intrinsicName (4 bytes)
Event: 503.797 Thread 0x000001ca44a768a0 nmethod 6652 0x000001ca39fdb890 code [0x000001ca39fdba20, 0x000001ca39fdba98]
Event: 503.819 Thread 0x000001ca44a768a0 6659   !   4       jdk.internal.loader.Resource::getBytes (244 bytes)

GC Heap History (20 events):
Event: 33.218 GC heap before
{Heap before GC invocations=28 (full 0):
 garbage-first heap   total 39936K, used 31693K [0x00000000e2600000, 0x0000000100000000)
  region size 1024K, 11 young (11264K), 2 survivors (2048K)
 Metaspace       used 52368K, committed 52864K, reserved 1114112K
  class space    used 7063K, committed 7296K, reserved 1048576K
}
Event: 33.225 GC heap after
{Heap after GC invocations=29 (full 0):
 garbage-first heap   total 39936K, used 22845K [0x00000000e2600000, 0x0000000100000000)
  region size 1024K, 2 young (2048K), 2 survivors (2048K)
 Metaspace       used 52368K, committed 52864K, reserved 1114112K
  class space    used 7063K, committed 7296K, reserved 1048576K
}
Event: 34.089 GC heap before
{Heap before GC invocations=30 (full 0):
 garbage-first heap   total 45056K, used 31037K [0x00000000e2600000, 0x0000000100000000)
  region size 1024K, 10 young (10240K), 2 survivors (2048K)
 Metaspace       used 53102K, committed 53504K, reserved 1114112K
  class space    used 7183K, committed 7360K, reserved 1048576K
}
Event: 34.096 GC heap after
{Heap after GC invocations=31 (full 0):
 garbage-first heap   total 45056K, used 23007K [0x00000000e2600000, 0x0000000100000000)
  region size 1024K, 1 young (1024K), 1 survivors (1024K)
 Metaspace       used 53102K, committed 53504K, reserved 1114112K
  class space    used 7183K, committed 7360K, reserved 1048576K
}
Event: 36.002 GC heap before
{Heap before GC invocations=31 (full 0):
 garbage-first heap   total 45056K, used 36319K [0x00000000e2600000, 0x0000000100000000)
  region size 1024K, 14 young (14336K), 1 survivors (1024K)
 Metaspace       used 55991K, committed 56512K, reserved 1114112K
  class space    used 7558K, committed 7808K, reserved 1048576K
}
Event: 36.010 GC heap after
{Heap after GC invocations=32 (full 0):
 garbage-first heap   total 45056K, used 24011K [0x00000000e2600000, 0x0000000100000000)
  region size 1024K, 2 young (2048K), 2 survivors (2048K)
 Metaspace       used 55991K, committed 56512K, reserved 1114112K
  class space    used 7558K, committed 7808K, reserved 1048576K
}
Event: 37.791 GC heap before
{Heap before GC invocations=33 (full 0):
 garbage-first heap   total 45056K, used 35275K [0x00000000e2600000, 0x0000000100000000)
  region size 1024K, 14 young (14336K), 2 survivors (2048K)
 Metaspace       used 57987K, committed 58560K, reserved 1114112K
  class space    used 7845K, committed 8128K, reserved 1048576K
}
Event: 37.804 GC heap after
{Heap after GC invocations=34 (full 0):
 garbage-first heap   total 45056K, used 24932K [0x00000000e2600000, 0x0000000100000000)
  region size 1024K, 1 young (1024K), 1 survivors (1024K)
 Metaspace       used 57987K, committed 58560K, reserved 1114112K
  class space    used 7845K, committed 8128K, reserved 1048576K
}
Event: 38.567 GC heap before
{Heap before GC invocations=34 (full 0):
 garbage-first heap   total 45056K, used 36196K [0x00000000e2600000, 0x0000000100000000)
  region size 1024K, 12 young (12288K), 1 survivors (1024K)
 Metaspace       used 59222K, committed 59776K, reserved 1114112K
  class space    used 8022K, committed 8320K, reserved 1048576K
}
Event: 38.573 GC heap after
{Heap after GC invocations=35 (full 0):
 garbage-first heap   total 45056K, used 25412K [0x00000000e2600000, 0x0000000100000000)
  region size 1024K, 2 young (2048K), 2 survivors (2048K)
 Metaspace       used 59222K, committed 59776K, reserved 1114112K
  class space    used 8022K, committed 8320K, reserved 1048576K
}
Event: 39.070 GC heap before
{Heap before GC invocations=36 (full 0):
 garbage-first heap   total 51200K, used 35652K [0x00000000e2600000, 0x0000000100000000)
  region size 1024K, 12 young (12288K), 2 survivors (2048K)
 Metaspace       used 59485K, committed 60032K, reserved 1114112K
  class space    used 8060K, committed 8320K, reserved 1048576K
}
Event: 39.079 GC heap after
{Heap after GC invocations=37 (full 0):
 garbage-first heap   total 51200K, used 25862K [0x00000000e2600000, 0x0000000100000000)
  region size 1024K, 2 young (2048K), 2 survivors (2048K)
 Metaspace       used 59485K, committed 60032K, reserved 1114112K
  class space    used 8060K, committed 8320K, reserved 1048576K
}
Event: 39.106 GC heap before
{Heap before GC invocations=37 (full 0):
 garbage-first heap   total 51200K, used 26886K [0x00000000e2600000, 0x0000000100000000)
  region size 1024K, 3 young (3072K), 2 survivors (2048K)
 Metaspace       used 59485K, committed 60032K, reserved 1114112K
  class space    used 8060K, committed 8320K, reserved 1048576K
}
Event: 39.116 GC heap after
{Heap after GC invocations=38 (full 0):
 garbage-first heap   total 51200K, used 25687K [0x00000000e2600000, 0x0000000100000000)
  region size 1024K, 1 young (1024K), 1 survivors (1024K)
 Metaspace       used 59485K, committed 60032K, reserved 1114112K
  class space    used 8060K, committed 8320K, reserved 1048576K
}
Event: 40.017 GC heap before
{Heap before GC invocations=38 (full 0):
 garbage-first heap   total 51200K, used 42071K [0x00000000e2600000, 0x0000000100000000)
  region size 1024K, 17 young (17408K), 1 survivors (1024K)
 Metaspace       used 59583K, committed 60160K, reserved 1114112K
  class space    used 8065K, committed 8320K, reserved 1048576K
}
Event: 40.021 GC heap after
{Heap after GC invocations=39 (full 0):
 garbage-first heap   total 51200K, used 25901K [0x00000000e2600000, 0x0000000100000000)
  region size 1024K, 1 young (1024K), 1 survivors (1024K)
 Metaspace       used 59583K, committed 60160K, reserved 1114112K
  class space    used 8065K, committed 8320K, reserved 1048576K
}
Event: 41.080 GC heap before
{Heap before GC invocations=40 (full 0):
 garbage-first heap   total 51200K, used 43309K [0x00000000e2600000, 0x0000000100000000)
  region size 1024K, 18 young (18432K), 1 survivors (1024K)
 Metaspace       used 60693K, committed 61248K, reserved 1114112K
  class space    used 8219K, committed 8512K, reserved 1048576K
}
Event: 41.088 GC heap after
{Heap after GC invocations=41 (full 0):
 garbage-first heap   total 51200K, used 26568K [0x00000000e2600000, 0x0000000100000000)
  region size 1024K, 2 young (2048K), 2 survivors (2048K)
 Metaspace       used 60693K, committed 61248K, reserved 1114112K
  class space    used 8219K, committed 8512K, reserved 1048576K
}
Event: 43.256 GC heap before
{Heap before GC invocations=41 (full 0):
 garbage-first heap   total 51200K, used 41928K [0x00000000e2600000, 0x0000000100000000)
  region size 1024K, 17 young (17408K), 2 survivors (2048K)
 Metaspace       used 62607K, committed 63104K, reserved 1114112K
  class space    used 8498K, committed 8768K, reserved 1048576K
}
Event: 43.280 GC heap after
{Heap after GC invocations=42 (full 0):
 garbage-first heap   total 51200K, used 28209K [0x00000000e2600000, 0x0000000100000000)
  region size 1024K, 3 young (3072K), 3 survivors (3072K)
 Metaspace       used 62607K, committed 63104K, reserved 1114112K
  class space    used 8498K, committed 8768K, reserved 1048576K
}

Dll operation events (13 events):
Event: 0.125 Loaded shared library C:\Program Files\Eclipse Adoptium\jdk-17.0.17.10-hotspot\bin\java.dll
Event: 0.216 Loaded shared library C:\Program Files\Eclipse Adoptium\jdk-17.0.17.10-hotspot\bin\jsvml.dll
Event: 1.044 Loaded shared library C:\Program Files\Eclipse Adoptium\jdk-17.0.17.10-hotspot\bin\zip.dll
Event: 1.055 Loaded shared library C:\Program Files\Eclipse Adoptium\jdk-17.0.17.10-hotspot\bin\instrument.dll
Event: 1.105 Loaded shared library C:\Program Files\Eclipse Adoptium\jdk-17.0.17.10-hotspot\bin\net.dll
Event: 1.184 Loaded shared library C:\Program Files\Eclipse Adoptium\jdk-17.0.17.10-hotspot\bin\nio.dll
Event: 1.197 Loaded shared library C:\Program Files\Eclipse Adoptium\jdk-17.0.17.10-hotspot\bin\zip.dll
Event: 3.086 Loaded shared library C:\Program Files\Eclipse Adoptium\jdk-17.0.17.10-hotspot\bin\extnet.dll
Event: 3.281 Loaded shared library C:\Program Files\Eclipse Adoptium\jdk-17.0.17.10-hotspot\bin\jimage.dll
Event: 17.251 Loaded shared library C:\Program Files\Eclipse Adoptium\jdk-17.0.17.10-hotspot\bin\sunmscapi.dll
Event: 17.320 Loaded shared library C:\Program Files\Eclipse Adoptium\jdk-17.0.17.10-hotspot\bin\management.dll
Event: 17.330 Loaded shared library C:\Program Files\Eclipse Adoptium\jdk-17.0.17.10-hotspot\bin\management_ext.dll
Event: 20.774 Loaded shared library C:\Program Files\Eclipse Adoptium\jdk-17.0.17.10-hotspot\bin\verify.dll

Deoptimization events (20 events):
Event: 43.746 Thread 0x000001ca2a8ed6f0 Uncommon trap: trap_request=0xffffff45 fr.pc=0x000001ca3a22f048 relative=0x0000000000000d08
Event: 43.746 Thread 0x000001ca2a8ed6f0 Uncommon trap: reason=unstable_if action=reinterpret pc=0x000001ca3a22f048 method=org.springframework.beans.factory.support.DefaultSingletonBeanRegistry.getSingleton(Ljava/lang/String;Z)Ljava/lang/Object; @ 39 c2
Event: 43.746 Thread 0x000001ca2a8ed6f0 DEOPT PACKING pc=0x000001ca3a22f048 sp=0x0000000f87afe480
Event: 43.746 Thread 0x000001ca2a8ed6f0 DEOPT UNPACKING pc=0x000001ca399f699d sp=0x0000000f87afe418 mode 2
Event: 43.746 Thread 0x000001ca2a8ed6f0 Uncommon trap: trap_request=0xffffff45 fr.pc=0x000001ca3a179238 relative=0x00000000000006d8
Event: 43.746 Thread 0x000001ca2a8ed6f0 Uncommon trap: reason=unstable_if action=reinterpret pc=0x000001ca3a179238 method=java.util.Collections$SetFromMap.add(Ljava/lang/Object;)Z @ 13 c2
Event: 43.746 Thread 0x000001ca2a8ed6f0 DEOPT PACKING pc=0x000001ca3a179238 sp=0x0000000f87afe300
Event: 43.746 Thread 0x000001ca2a8ed6f0 DEOPT UNPACKING pc=0x000001ca399f699d sp=0x0000000f87afe300 mode 2
Event: 43.806 Thread 0x000001ca2a8ed6f0 Uncommon trap: trap_request=0xffffffde fr.pc=0x000001ca39fb35d4 relative=0x0000000000000114
Event: 43.806 Thread 0x000001ca2a8ed6f0 Uncommon trap: reason=class_check action=maybe_recompile pc=0x000001ca39fb35d4 method=org.springframework.boot.context.properties.source.ConfigurationPropertyName$Elements.charAt(II)C @ 43 c2
Event: 43.806 Thread 0x000001ca2a8ed6f0 DEOPT PACKING pc=0x000001ca39fb35d4 sp=0x0000000f87afafc0
Event: 43.806 Thread 0x000001ca2a8ed6f0 DEOPT UNPACKING pc=0x000001ca399f699d sp=0x0000000f87afaf38 mode 2
Event: 43.806 Thread 0x000001ca2a8ed6f0 Uncommon trap: trap_request=0xffffffde fr.pc=0x000001ca39fb35d4 relative=0x0000000000000114
Event: 43.806 Thread 0x000001ca2a8ed6f0 Uncommon trap: reason=class_check action=maybe_recompile pc=0x000001ca39fb35d4 method=org.springframework.boot.context.properties.source.ConfigurationPropertyName$Elements.charAt(II)C @ 43 c2
Event: 43.806 Thread 0x000001ca2a8ed6f0 DEOPT PACKING pc=0x000001ca39fb35d4 sp=0x0000000f87afafc0
Event: 43.806 Thread 0x000001ca2a8ed6f0 DEOPT UNPACKING pc=0x000001ca399f699d sp=0x0000000f87afaf38 mode 2
Event: 43.848 Thread 0x000001ca2a8ed6f0 Uncommon trap: trap_request=0xffffff45 fr.pc=0x000001ca3a209190 relative=0x00000000000002d0
Event: 43.848 Thread 0x000001ca2a8ed6f0 Uncommon trap: reason=unstable_if action=reinterpret pc=0x000001ca3a209190 method=org.springframework.util.ClassUtils.isAssignable(Ljava/lang/Class;Ljava/lang/Class;)Z @ 26 c2
Event: 43.848 Thread 0x000001ca2a8ed6f0 DEOPT PACKING pc=0x000001ca3a209190 sp=0x0000000f87afe8b0
Event: 43.848 Thread 0x000001ca2a8ed6f0 DEOPT UNPACKING pc=0x000001ca399f699d sp=0x0000000f87afe858 mode 2

Classes loaded (20 events):
Event: 490.365 Loading class sun/nio/ch/SocketAdaptor
Event: 494.776 Loading class sun/nio/ch/SocketAdaptor done
Event: 495.109 Loading class sun/nio/ch/SocketChannelImpl$DefaultOptionsHolder
Event: 495.214 Loading class sun/nio/ch/SocketChannelImpl$DefaultOptionsHolder done
Event: 495.476 Loading class sun/nio/ch/SelectionKeyImpl
Event: 495.603 Loading class java/nio/channels/spi/AbstractSelectionKey
Event: 495.647 Loading class java/nio/channels/SelectionKey
Event: 495.759 Loading class java/nio/channels/SelectionKey done
Event: 495.767 Loading class java/nio/channels/spi/AbstractSelectionKey done
Event: 495.769 Loading class sun/nio/ch/SelectionKeyImpl done
Event: 495.821 Loading class java/lang/invoke/ConstantBootstraps
Event: 496.886 Loading class java/lang/invoke/ConstantBootstraps done
Event: 503.791 Loading class sun/nio/cs/ThreadLocalCoders
Event: 503.799 Loading class sun/nio/cs/ThreadLocalCoders done
Event: 503.799 Loading class sun/nio/cs/ThreadLocalCoders$1
Event: 503.800 Loading class sun/nio/cs/ThreadLocalCoders$Cache
Event: 503.803 Loading class sun/nio/cs/ThreadLocalCoders$Cache done
Event: 503.803 Loading class sun/nio/cs/ThreadLocalCoders$1 done
Event: 503.803 Loading class sun/nio/cs/ThreadLocalCoders$2
Event: 503.805 Loading class sun/nio/cs/ThreadLocalCoders$2 done

Classes unloaded (0 events):
No events

Classes redefined (0 events):
No events

Internal exceptions (20 events):
Event: 38.161 Thread 0x000001ca2a8ed6f0 Exception <a 'java/lang/IncompatibleClassChangeError'{0x00000000e4decec0}: Found class java.lang.Object, but interface was expected> (0x00000000e4decec0) 
thrown [s\src\hotspot\share\interpreter\linkResolver.cpp, line 826]
Event: 38.330 Thread 0x000001ca2a8ed6f0 Exception <a 'java/lang/NoSuchMethodError'{0x00000000e4b80260}: 'java.lang.Object java.lang.invoke.DirectMethodHandle$Holder.invokeStatic(java.lang.Object, int, java.lang.Object)'> (0x00000000e4b80260) 
thrown [s\src\hotspot\share\interpreter\linkResolver.cpp, line 759]
Event: 38.659 Thread 0x000001ca2a8ed6f0 Exception <a 'java/lang/reflect/InvocationTargetException'{0x00000000e4e34f50}> (0x00000000e4e34f50) 
thrown [s\src\hotspot\share\runtime\reflection.cpp, line 1128]
Event: 38.667 Thread 0x000001ca2a8ed6f0 Exception <a 'java/lang/reflect/InvocationTargetException'{0x00000000e4e403e8}> (0x00000000e4e403e8) 
thrown [s\src\hotspot\share\runtime\reflection.cpp, line 1128]
Event: 39.208 Thread 0x000001ca2a8ed6f0 Exception <a 'java/lang/reflect/InvocationTargetException'{0x00000000e5361a78}> (0x00000000e5361a78) 
thrown [s\src\hotspot\share\runtime\reflection.cpp, line 1128]
Event: 39.832 Thread 0x000001ca2a8ed6f0 Exception <a 'java/lang/reflect/InvocationTargetException'{0x00000000e4df8080}> (0x00000000e4df8080) 
thrown [s\src\hotspot\share\runtime\reflection.cpp, line 1128]
Event: 39.841 Thread 0x000001ca2a8ed6f0 Exception <a 'java/lang/reflect/InvocationTargetException'{0x00000000e4c06b78}> (0x00000000e4c06b78) 
thrown [s\src\hotspot\share\runtime\reflection.cpp, line 1128]
Event: 40.034 Thread 0x000001ca2a8ed6f0 Exception <a 'java/lang/reflect/InvocationTargetException'{0x00000000e5763960}> (0x00000000e5763960) 
thrown [s\src\hotspot\share\runtime\reflection.cpp, line 1128]
Event: 40.041 Thread 0x000001ca2a8ed6f0 Exception <a 'java/lang/reflect/InvocationTargetException'{0x00000000e576fc90}> (0x00000000e576fc90) 
thrown [s\src\hotspot\share\runtime\reflection.cpp, line 1128]
Event: 40.557 Thread 0x000001ca2a8ed6f0 Exception <a 'java/lang/reflect/InvocationTargetException'{0x00000000e4c5e7e0}> (0x00000000e4c5e7e0) 
thrown [s\src\hotspot\share\runtime\reflection.cpp, line 1128]
Event: 40.662 Thread 0x000001ca2a8ed6f0 Implicit null exception at 0x000001ca3a039ec1 to 0x000001ca3a03a263
Event: 42.853 Thread 0x000001ca2a8ed6f0 Exception <a 'java/lang/IncompatibleClassChangeError'{0x00000000e4ddc4d0}: Found class java.lang.Object, but interface was expected> (0x00000000e4ddc4d0) 
thrown [s\src\hotspot\share\interpreter\linkResolver.cpp, line 826]
Event: 43.353 Thread 0x000001ca2a8ed6f0 Exception <a 'java/lang/NoSuchMethodError'{0x00000000e57266d0}: 'void java.lang.invoke.DirectMethodHandle$Holder.invokeVirtual(java.lang.Object, java.lang.Object, long)'> (0x00000000e57266d0) 
thrown [s\src\hotspot\share\interpreter\linkResolver.cpp, line 759]
Event: 43.848 Thread 0x000001ca2a8ed6f0 Implicit null exception at 0x000001ca3a208f39 to 0x000001ca3a20916c
Event: 44.083 Thread 0x000001ca2a8ed6f0 Exception <a 'java/lang/NoSuchMethodError'{0x00000000e50ff8b0}: 'java.lang.Object java.lang.invoke.DirectMethodHandle$Holder.newInvokeSpecial(java.lang.Object, java.lang.Object, int, java.lang.Object, java.lang.Object)'> (0x00000000e50ff8b0) 
thrown [s\src\hotspot\share\interpreter\linkResolver.cpp, line 759]
Event: 44.087 Thread 0x000001ca2a8ed6f0 Exception <a 'java/lang/NoSuchMethodError'{0x00000000e4f0ae30}: 'java.lang.Object java.lang.invoke.DirectMethodHandle$Holder.invokeSpecial(java.lang.Object, java.lang.Object, int, java.lang.Object, int, java.lang.Object)'> (0x00000000e4f0ae30) 
thrown [s\src\hotspot\share\interpreter\linkResolver.cpp, line 759]
Event: 44.089 Thread 0x000001ca2a8ed6f0 Exception <a 'java/lang/NoSuchMethodError'{0x00000000e4f12ba8}: 'java.lang.Object java.lang.invoke.DirectMethodHandle$Holder.newInvokeSpecial(java.lang.Object, java.lang.Object, int, java.lang.Object, int)'> (0x00000000e4f12ba8) 
thrown [s\src\hotspot\share\interpreter\linkResolver.cpp, line 759]
Event: 44.090 Thread 0x000001ca2a8ed6f0 Exception <a 'java/lang/NoSuchMethodError'{0x00000000e4f16ca8}: 'java.lang.Object java.lang.invoke.DirectMethodHandle$Holder.invokeSpecial(java.lang.Object, java.lang.Object, java.lang.Object, int, java.lang.Object, int)'> (0x00000000e4f16ca8) 
thrown [s\src\hotspot\share\interpreter\linkResolver.cpp, line 759]
Event: 502.992 Thread 0x000001ca8bb6bdd0 Exception <a 'java/lang/NoSuchMethodError'{0x00000000e4b73ec8}: 'java.lang.Object java.lang.invoke.DirectMethodHandle$Holder.invokeSpecial(java.lang.Object, java.lang.Object, java.lang.Object, java.lang.Object, java.lang.Object, long)'> (0x00000000e4b73ec8) 
thrown [s\src\hotspot\share\interpreter\linkResolver.cpp, line 759]
Event: 502.996 Thread 0x000001ca8bb6bdd0 Exception <a 'java/lang/NoSuchMethodError'{0x00000000e4b77908}: 'java.lang.Object java.lang.invoke.Invokers$Holder.linkToTargetMethod(java.lang.Object, java.lang.Object, java.lang.Object, long, java.lang.Object)'> (0x00000000e4b77908) 
thrown [s\src\hotspot\share\interpreter\linkResolver.cpp, line 759]

VM Operations (20 events):
Event: 207.626 Executing VM operation: Cleanup
Event: 207.642 Executing VM operation: Cleanup done
Event: 244.982 Executing VM operation: Cleanup
Event: 244.988 Executing VM operation: Cleanup done
Event: 434.612 Executing VM operation: Cleanup
Event: 440.470 Executing VM operation: Cleanup done
Event: 466.799 Executing VM operation: Cleanup
Event: 467.341 Executing VM operation: Cleanup done
Event: 477.432 Executing VM operation: Cleanup
Event: 481.444 Executing VM operation: Cleanup done
Event: 490.497 Executing VM operation: Cleanup
Event: 494.806 Executing VM operation: Cleanup done
Event: 495.822 Executing VM operation: Cleanup
Event: 496.901 Executing VM operation: Cleanup done
Event: 497.906 Executing VM operation: Cleanup
Event: 498.497 Executing VM operation: Cleanup done
Event: 499.500 Executing VM operation: Cleanup
Event: 500.982 Executing VM operation: Cleanup done
Event: 502.999 Executing VM operation: Cleanup
Event: 503.659 Executing VM operation: Cleanup done

Memory protections (0 events):
No events

Nmethod flushes (20 events):
Event: 43.767 Thread 0x000001ca44a800f0 flushing  nmethod 0x000001ca32ebd310
Event: 43.768 Thread 0x000001ca44a800f0 flushing  nmethod 0x000001ca32ec4b90
Event: 43.768 Thread 0x000001ca44a800f0 flushing  nmethod 0x000001ca32ec5090
Event: 43.768 Thread 0x000001ca44a800f0 flushing  nmethod 0x000001ca32ec8d10
Event: 43.768 Thread 0x000001ca44a800f0 flushing  nmethod 0x000001ca32edc090
Event: 43.768 Thread 0x000001ca44a800f0 flushing  nmethod 0x000001ca32ee2790
Event: 43.768 Thread 0x000001ca44a800f0 flushing  nmethod 0x000001ca32ee2b10
Event: 43.768 Thread 0x000001ca44a800f0 flushing  nmethod 0x000001ca32f09990
Event: 43.768 Thread 0x000001ca44a800f0 flushing  nmethod 0x000001ca32f09e10
Event: 43.768 Thread 0x000001ca44a800f0 flushing  nmethod 0x000001ca32f0a490
Event: 43.768 Thread 0x000001ca44a800f0 flushing  nmethod 0x000001ca32f0ac90
Event: 43.768 Thread 0x000001ca44a800f0 flushing  nmethod 0x000001ca32f0b590
Event: 43.768 Thread 0x000001ca44a800f0 flushing  nmethod 0x000001ca32f0ba10
Event: 43.768 Thread 0x000001ca44a800f0 flushing  nmethod 0x000001ca32f0c290
Event: 43.769 Thread 0x000001ca44a800f0 flushing  nmethod 0x000001ca32f55c90
Event: 43.769 Thread 0x000001ca44a800f0 flushing  nmethod 0x000001ca32f97a90
Event: 43.769 Thread 0x000001ca44a800f0 flushing  nmethod 0x000001ca32f9ec90
Event: 43.770 Thread 0x000001ca44a800f0 flushing  nmethod 0x000001ca32fba310
Event: 43.770 Thread 0x000001ca44a800f0 flushing  nmethod 0x000001ca32fe8a90
Event: 43.770 Thread 0x000001ca44a800f0 flushing  nmethod 0x000001ca33006e90

Events (20 events):
Event: 18.193 Thread 0x000001ca2a8ed6f0 Thread added: 0x000001ca8bea4850
Event: 18.209 Thread 0x000001ca2a8ed6f0 Thread added: 0x000001ca8bea4d30
Event: 18.321 Thread 0x000001ca2a8ed6f0 Thread added: 0x000001ca8bfeda20
Event: 24.428 Thread 0x000001ca2a8ed6f0 Thread added: 0x000001ca8bb6b3b0
Event: 24.556 Thread 0x000001ca8bb6b3b0 Thread added: 0x000001ca8bb6c2e0
Event: 31.382 Thread 0x000001ca8bb6c2e0 Thread exited: 0x000001ca8bb6c2e0
Event: 44.135 Thread 0x000001ca2a8ed6f0 Thread added: 0x000001ca8bb6bdd0
Event: 44.135 Thread 0x000001ca2a8ed6f0 Thread added: 0x000001ca8bb6c2e0
Event: 44.136 Thread 0x000001ca2a8ed6f0 Thread added: 0x000001ca8b801580
Event: 44.136 Thread 0x000001ca2a8ed6f0 Thread added: 0x000001ca8b806680
Event: 44.136 Thread 0x000001ca2a8ed6f0 Thread added: 0x000001ca8b803e00
Event: 44.137 Thread 0x000001ca2a8ed6f0 Thread added: 0x000001ca8b8024b0
Event: 44.137 Thread 0x000001ca2a8ed6f0 Thread added: 0x000001ca8b804820
Event: 44.138 Thread 0x000001ca2a8ed6f0 Thread added: 0x000001ca8b8070a0
Event: 44.138 Thread 0x000001ca2a8ed6f0 Thread added: 0x000001ca8b8029c0
Event: 44.138 Thread 0x000001ca2a8ed6f0 Thread added: 0x000001ca8b804d30
Event: 44.212 Thread 0x000001ca2a8ed6f0 Thread added: 0x000001ca8b801fa0
Event: 44.217 Thread 0x000001ca2a8ed6f0 Thread added: 0x000001ca8b804310
Event: 44.289 Thread 0x000001ca2a8ed6f0 Thread exited: 0x000001ca2a8ed6f0
Event: 44.289 Thread 0x000001ca8b805240 Thread added: 0x000001ca8b805240


Dynamic libraries:
0x00007ff6fb4f0000 - 0x00007ff6fb4fe000 	C:\Program Files\Eclipse Adoptium\jdk-17.0.17.10-hotspot\bin\java.exe
0x00007ff865b50000 - 0x00007ff865d45000 	C:\Windows\SYSTEM32\ntdll.dll
0x00007ff8645e0000 - 0x00007ff86469e000 	C:\Windows\System32\KERNEL32.DLL
0x00007ff863490000 - 0x00007ff863758000 	C:\Windows\System32\KERNELBASE.dll
0x00007ff863a60000 - 0x00007ff863b60000 	C:\Windows\System32\ucrtbase.dll
0x00007ff85bf60000 - 0x00007ff85bf7e000 	C:\Program Files\Eclipse Adoptium\jdk-17.0.17.10-hotspot\bin\VCRUNTIME140.dll
0x00007ff858670000 - 0x00007ff858688000 	C:\Program Files\Eclipse Adoptium\jdk-17.0.17.10-hotspot\bin\jli.dll
0x00007ff864ed0000 - 0x00007ff865071000 	C:\Windows\System32\USER32.dll
0x00007ff863b60000 - 0x00007ff863b82000 	C:\Windows\System32\win32u.dll
0x00007ff865140000 - 0x00007ff86516b000 	C:\Windows\System32\GDI32.dll
0x00007ff863380000 - 0x00007ff86348d000 	C:\Windows\System32\gdi32full.dll
0x00007ff863810000 - 0x00007ff8638ad000 	C:\Windows\System32\msvcp_win.dll
0x00007ff862910000 - 0x00007ff862baa000 	C:\Windows\WinSxS\amd64_microsoft.windows.common-controls_6595b64144ccf1df_6.0.19041.1110_none_60b5254171f9507e\COMCTL32.dll
0x00007ff865a70000 - 0x00007ff865b0e000 	C:\Windows\System32\msvcrt.dll
0x00007ff865a40000 - 0x00007ff865a70000 	C:\Windows\System32\IMM32.DLL
0x00007ff862c20000 - 0x00007ff862c2c000 	C:\Program Files\Eclipse Adoptium\jdk-17.0.17.10-hotspot\bin\vcruntime140_1.dll
0x00007ff84c530000 - 0x00007ff84c5bd000 	C:\Program Files\Eclipse Adoptium\jdk-17.0.17.10-hotspot\bin\msvcp140.dll
0x00007ff832130000 - 0x00007ff832d9b000 	C:\Program Files\Eclipse Adoptium\jdk-17.0.17.10-hotspot\bin\server\jvm.dll
0x00007ff864e20000 - 0x00007ff864ecc000 	C:\Windows\System32\ADVAPI32.dll
0x00007ff863d50000 - 0x00007ff863deb000 	C:\Windows\System32\sechost.dll
0x00007ff863df0000 - 0x00007ff863f1a000 	C:\Windows\System32\RPCRT4.dll
0x00007ff864870000 - 0x00007ff8648db000 	C:\Windows\System32\WS2_32.dll
0x00007ff862fb0000 - 0x00007ff862ffb000 	C:\Windows\SYSTEM32\POWRPROF.dll
0x00007ff856330000 - 0x00007ff856357000 	C:\Windows\SYSTEM32\WINMM.dll
0x00007ff85fe70000 - 0x00007ff85fe7a000 	C:\Windows\SYSTEM32\VERSION.dll
0x00007ff862f90000 - 0x00007ff862fa2000 	C:\Windows\SYSTEM32\UMPDC.dll
0x00007ff860e00000 - 0x00007ff860e12000 	C:\Windows\SYSTEM32\kernel.appcore.dll
0x00007ff858660000 - 0x00007ff85866a000 	C:\Program Files\Eclipse Adoptium\jdk-17.0.17.10-hotspot\bin\jimage.dll
0x00007ff862c60000 - 0x00007ff862e44000 	C:\Windows\SYSTEM32\DBGHELP.DLL
0x00007ff862bb0000 - 0x00007ff862bdc000 	C:\Windows\SYSTEM32\dbgcore.DLL
0x00007ff8632c0000 - 0x00007ff863342000 	C:\Windows\System32\bcryptPrimitives.dll
0x00007ff851c60000 - 0x00007ff851c6e000 	C:\Program Files\Eclipse Adoptium\jdk-17.0.17.10-hotspot\bin\instrument.dll
0x00007ff858630000 - 0x00007ff858655000 	C:\Program Files\Eclipse Adoptium\jdk-17.0.17.10-hotspot\bin\java.dll
0x00007ff847dd0000 - 0x00007ff847ea7000 	C:\Program Files\Eclipse Adoptium\jdk-17.0.17.10-hotspot\bin\jsvml.dll
0x00007ff865170000 - 0x00007ff8658b4000 	C:\Windows\System32\SHELL32.dll
0x00007ff8603a0000 - 0x00007ff860b34000 	C:\Windows\SYSTEM32\windows.storage.dll
0x00007ff864280000 - 0x00007ff8645d5000 	C:\Windows\System32\combase.dll
0x00007ff862630000 - 0x00007ff86265e000 	C:\Windows\SYSTEM32\Wldp.dll
0x00007ff865080000 - 0x00007ff86512d000 	C:\Windows\System32\SHCORE.dll
0x00007ff864dc0000 - 0x00007ff864e15000 	C:\Windows\System32\shlwapi.dll
0x00007ff8631a0000 - 0x00007ff8631bf000 	C:\Windows\SYSTEM32\profapi.dll
0x00007ff84c510000 - 0x00007ff84c528000 	C:\Program Files\Eclipse Adoptium\jdk-17.0.17.10-hotspot\bin\zip.dll
0x00007ff8560d0000 - 0x00007ff8560ea000 	C:\Program Files\Eclipse Adoptium\jdk-17.0.17.10-hotspot\bin\net.dll
0x00007ff8557b0000 - 0x00007ff8558bc000 	C:\Windows\SYSTEM32\WINHTTP.dll
0x00007ff8622b0000 - 0x00007ff86231a000 	C:\Windows\system32\mswsock.dll
0x00007ff8560b0000 - 0x00007ff8560c6000 	C:\Program Files\Eclipse Adoptium\jdk-17.0.17.10-hotspot\bin\nio.dll
0x00007ff84c500000 - 0x00007ff84c509000 	C:\Program Files\Eclipse Adoptium\jdk-17.0.17.10-hotspot\bin\extnet.dll
0x00007ff862f70000 - 0x00007ff862f88000 	C:\Windows\SYSTEM32\CRYPTSP.dll
0x00007ff861c60000 - 0x00007ff861c94000 	C:\Windows\system32\rsaenh.dll
0x00007ff863350000 - 0x00007ff863377000 	C:\Windows\System32\bcrypt.dll
0x00007ff863160000 - 0x00007ff86318e000 	C:\Windows\SYSTEM32\USERENV.dll
0x00007ff8625f0000 - 0x00007ff8625fc000 	C:\Windows\SYSTEM32\CRYPTBASE.dll
0x00007ff861fb0000 - 0x00007ff861feb000 	C:\Windows\SYSTEM32\IPHLPAPI.DLL
0x00007ff863b90000 - 0x00007ff863b98000 	C:\Windows\System32\NSI.dll
0x00007ff8591f0000 - 0x00007ff859207000 	C:\Windows\SYSTEM32\dhcpcsvc6.DLL
0x00007ff859b50000 - 0x00007ff859b6d000 	C:\Windows\SYSTEM32\dhcpcsvc.DLL
0x00007ff861ff0000 - 0x00007ff8620bb000 	C:\Windows\SYSTEM32\DNSAPI.dll
0x00007ff853a90000 - 0x00007ff853a9e000 	C:\Program Files\Eclipse Adoptium\jdk-17.0.17.10-hotspot\bin\sunmscapi.dll
0x00007ff863900000 - 0x00007ff863a56000 	C:\Windows\System32\CRYPT32.dll
0x00007ff862500000 - 0x00007ff862527000 	C:\Windows\SYSTEM32\ncrypt.dll
0x00007ff862460000 - 0x00007ff86249b000 	C:\Windows\SYSTEM32\NTASN1.dll
0x00007ff849290000 - 0x00007ff84929a000 	C:\Program Files\Eclipse Adoptium\jdk-17.0.17.10-hotspot\bin\management.dll
0x00007ff8490d0000 - 0x00007ff8490dc000 	C:\Program Files\Eclipse Adoptium\jdk-17.0.17.10-hotspot\bin\management_ext.dll
0x00007ff865130000 - 0x00007ff865138000 	C:\Windows\System32\PSAPI.DLL
0x00007ff84a720000 - 0x00007ff84a730000 	C:\Program Files\Eclipse Adoptium\jdk-17.0.17.10-hotspot\bin\verify.dll
0x00007ff8551f0000 - 0x00007ff8551fa000 	C:\Windows\System32\rasadhlp.dll
0x00007ff855380000 - 0x00007ff8553ff000 	C:\Windows\System32\fwpuclnt.dll
0x00007ff849040000 - 0x00007ff849047000 	C:\Windows\system32\wshunix.dll

dbghelp: loaded successfully - version: 4.0.5 - missing functions: none
symbol engine: initialized successfully - sym options: 0x614 - pdb path: .;C:\Program Files\Eclipse Adoptium\jdk-17.0.17.10-hotspot\bin;C:\Windows\SYSTEM32;C:\Windows\WinSxS\amd64_microsoft.windows.common-controls_6595b64144ccf1df_6.0.19041.1110_none_60b5254171f9507e;C:\Program Files\Eclipse Adoptium\jdk-17.0.17.10-hotspot\bin\server

VM Arguments:
jvm_args: -javaagent:C:\Program Files\JetBrains\IntelliJ IDEA Community Edition 2025.2.4\lib\idea_rt.jar=55034 -Dfile.encoding=UTF-8 
java_command: org.example.Main
java_class_path (initial): C:\Users\HP360\Desktop\f-y-p\DFMP_BACKEND\target\classes;C:\Users\HP360\.m2\repository\org\springframework\boot\spring-boot-starter-web\3.1.4\spring-boot-starter-web-3.1.4.jar;C:\Users\HP360\.m2\repository\org\springframework\boot\spring-boot-starter\3.1.4\spring-boot-starter-3.1.4.jar;C:\Users\HP360\.m2\repository\org\springframework\boot\spring-boot\3.1.4\spring-boot-3.1.4.jar;C:\Users\HP360\.m2\repository\org\springframework\boot\spring-boot-autoconfigure\3.1.4\spring-boot-autoconfigure-3.1.4.jar;C:\Users\HP360\.m2\repository\org\springframework\boot\spring-boot-starter-logging\3.1.4\spring-boot-starter-logging-3.1.4.jar;C:\Users\HP360\.m2\repository\ch\qos\logback\logback-classic\1.4.11\logback-classic-1.4.11.jar;C:\Users\HP360\.m2\repository\ch\qos\logback\logback-core\1.4.11\logback-core-1.4.11.jar;C:\Users\HP360\.m2\repository\org\apache\logging\log4j\log4j-to-slf4j\2.20.0\log4j-to-slf4j-2.20.0.jar;C:\Users\HP360\.m2\repository\org\apache\logging\log4j\log4j-api\2.20.0\log4j-api-2.20.0.jar;C:\Users\HP360\.m2\repository\org\slf4j\jul-to-slf4j\2.0.9\jul-to-slf4j-2.0.9.jar;C:\Users\HP360\.m2\repository\jakarta\annotation\jakarta.annotation-api\2.1.1\jakarta.annotation-api-2.1.1.jar;C:\Users\HP360\.m2\repository\org\springframework\spring-core\6.0.12\spring-core-6.0.12.jar;C:\Users\HP360\.m2\repository\org\springframework\spring-jcl\6.0.12\spring-jcl-6.0.12.jar;C:\Users\HP360\.m2\repository\org\yaml\snakeyaml\1.33\snakeyaml-1.33.jar;C:\Users\HP360\.m2\repository\org\springframework\boot\spring-boot-starter-json\3.1.4\spring-boot-starter-json-3.1.4.jar;C:\Users\HP360\.m2\repository\com\fasterxml\jackson\datatype\jackson-datatype-jdk8\2.15.2\jackson-datatype-jdk8-2.15.2.jar;C:\Users\HP360\.m2\repository\com\fasterxml\jackson\datatype\jackson-datatype-jsr310\2.15.2\jackson-datatype-jsr310-2.15.2.jar;C:\Users\HP360\.m2\repository\com\fasterxml\jackson\module\jackson-module-parameter-names\2.15.2\jackson-module-parameter-names-2.15.2.jar;C
Launcher Type: SUN_STANDARD

[Global flags]
     intx CICompilerCount                          = 3                                         {product} {ergonomic}
     uint ConcGCThreads                            = 1                                         {product} {ergonomic}
     uint G1ConcRefinementThreads                  = 4                                         {product} {ergonomic}
   size_t G1HeapRegionSize                         = 1048576                                   {product} {ergonomic}
    uintx GCDrainStackTargetSize                   = 64                                        {product} {ergonomic}
   size_t InitialHeapSize                          = 31457280                                  {product} {ergonomic}
   size_t MarkStackSize                            = 4194304                                   {product} {ergonomic}
   size_t MaxHeapSize                              = 497025024                                 {product} {ergonomic}
   size_t MaxNewSize                               = 297795584                                 {product} {ergonomic}
   size_t MinHeapDeltaBytes                        = 1048576                                   {product} {ergonomic}
   size_t MinHeapSize                              = 8388608                                   {product} {ergonomic}
    uintx NonNMethodCodeHeapSize                   = 5832780                                {pd product} {ergonomic}
    uintx NonProfiledCodeHeapSize                  = 122912730                              {pd product} {ergonomic}
    uintx ProfiledCodeHeapSize                     = 122912730                              {pd product} {ergonomic}
    uintx ReservedCodeCacheSize                    = 251658240                              {pd product} {ergonomic}
     bool SegmentedCodeCache                       = true                                      {product} {ergonomic}
   size_t SoftMaxHeapSize                          = 497025024                              {manageable} {ergonomic}
     bool UseCompressedClassPointers               = true                           {product lp64_product} {ergonomic}
     bool UseCompressedOops                        = true                           {product lp64_product} {ergonomic}
     bool UseG1GC                                  = true                                      {product} {ergonomic}
     bool UseLargePagesIndividualAllocation        = false                                  {pd product} {ergonomic}

Logging:
Log output configuration:
 #0: stdout all=warning uptime,level,tags
 #1: stderr all=off uptime,level,tags

Environment Variables:
JAVA_HOME=C:\Program Files\Eclipse Adoptium\jdk-17.0.17.10-hotspot\
PATH=C:\Program Files\Eclipse Adoptium\jdk-17.0.17.10-hotspot\bin;C:\Program Files\Eclipse Adoptium\jdk-25.0.1.8-hotspot\bin;C:\Windows\system32;C:\Windows;C:\Windows\System32\Wbem;C:\Windows\System32\WindowsPowerShell\v1.0\;C:\Windows\System32\OpenSSH\;C:\Program Files\Git\cmd;C:\Program Files\nodejs\;C:\Program Files\MySQL\MySQL Shell 8.0\bin\;C:\Users\HP360\AppData\Local\Microsoft\WindowsApps;C:\Users\HP360\AppData\Local\Programs\Microsoft VS Code\bin;C:\Users\HP360\AppData\Roaming\npm;C:\Users\HP360\AppData\Local\Programs\cursor\resources\app\bin
USERNAME=BOBO1
OS=Windows_NT
PROCESSOR_IDENTIFIER=Intel64 Family 6 Model 76 Stepping 3, GenuineIntel
TMP=C:\Users\HP360\AppData\Local\Temp
TEMP=C:\Users\HP360\AppData\Local\Temp



Periodic native trim disabled


---------------  S Y S T E M  ---------------

OS:
 Windows 10 , 64 bit Build 19041 (10.0.19041.1348)
OS uptime: 0 days 10:25 hours

CPU: total 4 (initial active 4) (4 cores per cpu, 1 threads per core) family 6 model 76 stepping 3 microcode 0x368, cx8, cmov, fxsr, mmx, 3dnowpref, sse, sse2, sse3, ssse3, sse4.1, sse4.2, popcnt, tsc, tscinvbit, aes, erms, clmul, clflush
Processor Information for all 4 processors :
  Max Mhz: 1601, Current Mhz: 480, Mhz Limit: 1601

Memory: 4k page, system-wide physical 1893M (215M free)
TotalPageFile size 7781M (AvailPageFile size 7M)
current process WorkingSet (physical memory assigned to process): 62M, peak: 178M
current process commit charge ("private bytes"): 239M, peak: 254M

vm_info: OpenJDK 64-Bit Server VM (17.0.17+10) for windows-amd64 JRE (17.0.17+10), built on Oct 21 2025 23:25:32 by "admin" with unknown MS VC++:1942

END.
